1266 candidates
eligible after the eye-only block: 69
wrote 180 levels in 346s; floor 185.7, pool A max 209.1
L121 src 121 7x7 E9 M0 S0 C0 N0 knot Y score 4.5 lvl 1
L122 src 128 10x10 E5 M0 S4 C4 N0 knot - score 190.4 lvl 1
L123 src 123 10x10 E10 M0 S2 C4 N0 knot - score 190.6 lvl 2
L124 src 126 10x10 E6 M0 S8 C4 N0 knot - score 199.9 lvl 2
L125 src 122 10x10 E9 M0 S5 C1 N0 knot - score 209.1 lvl 1
L126 src 131 7x7 E0 M3 S5 C0 N0 knot Y score 25.1 lvl 1
L127 src 164 10x10 E5 M0 S7 C5 N0 knot - score 210.1 lvl 2
L128 src 147 10x10 E7 M0 S5 C1 N0 knot - score 210.9 lvl 1
L129 src 152 10x10 E10 M0 S3 C3 N0 knot - score 211.2 lvl 2
L130 src 133 10x10 E4 M2 S3 C3 N0 knot - score 211.3 lvl 2
L131 src 137 10x10 E6 M1 S6 C4 N0 knot - score 211.7 lvl 2
L132 src 143 10x10 E5 M4 S6 C3 N0 knot - score 211.7 lvl 2
L133 src 129 10x10 E6 M0 S4 C3 N0 knot - score 212.5 lvl 1
L134 src 148 10x10 E4 M1 S3 C5 N0 knot - score 215.6 lvl 2
L135 src 133 10x10 E5 M1 S8 C0 N0 knot - score 215.7 lvl 1
L136 src 172 10x10 E4 M1 S3 C7 N0 knot - score 217.4 lvl 1
L137 src 164 10x10 E4 M1 S8 C2 N2 knot - score 218.4 lvl 1
L138 src 150 10x10 E5 M0 S6 C3 N0 knot - score 219.2 lvl 1
L139 src 175 10x10 E6 M1 S5 C4 N0 knot - score 219.8 lvl 1
L140 src 148 10x10 E5 M1 S4 C2 N3 knot - score 221.7 lvl 1
L141 src 141 10x10 E6 M1 S6 C3 N0 knot - score 222.8 lvl 1
L142 src 156 10x10 E3 M0 S4 C6 N3 knot - score 223.1 lvl 2
L143 src 178 10x10 E6 M2 S10 C2 N0 knot - score 223.7 lvl 1
L144 src 180 10x10 E10 M1 S7 C1 N0 knot - score 225.9 lvl 2
L145 src 178 10x10 E4 M2 S6 C2 N0 knot - score 226.7 lvl 2
L146 src 166 10x10 E11 M3 S6 C0 N0 knot - score 226.9 lvl 2
L147 src 166 10x10 E6 M3 S4 C3 N0 knot - score 228 lvl 1
L148 src 159 10x10 E1 M1 S13 C2 N0 knot - score 228.7 lvl 1
L149 src 133 10x10 E5 M0 S6 C3 N0 knot - score 230.5 lvl 2
L150 src 165 10x10 E6 M0 S8 C1 N0 knot - score 238.3 lvl 2
L151 src 176 10x10 E9 M1 S4 C0 N0 knot - score 238.8 lvl 2
L152 src 138 10x10 E7 M2 S4 C2 N0 knot - score 240.4 lvl 2
L153 src 164 10x10 E4 M0 S5 C5 N2 knot - score 240.5 lvl 2
L154 src 161 10x10 E6 M2 S5 C2 N0 knot - score 241.2 lvl 2
L155 src 125 10x10 E7 M0 S6 C2 N0 knot - score 242.3 lvl 2
L156 src 125 10x10 E5 M0 S6 C2 N0 knot - score 242.4 lvl 2
L157 src 179 10x10 E6 M1 S4 C3 N0 knot - score 243.6 lvl 2
L158 src 123 10x10 E8 M0 S3 C2 N0 knot - score 244 lvl 2
L159 src 135 10x10 E7 M0 S7 C1 N0 knot - score 245.6 lvl 2
L160 src 163 10x10 E9 M2 S8 C2 N0 knot - score 247.2 lvl 2
L161 src 141 10x10 E10 M1 S4 C2 N0 knot - score 248.4 lvl 2
L162 src 179 10x10 E4 M1 S6 C3 N0 knot - score 250 lvl 2
L163 src 176 10x10 E4 M1 S9 C3 N0 knot - score 250.1 lvl 2
L164 src 138 10x10 E7 M0 S7 C1 N0 knot - score 250.5 lvl 2
L165 src 161 10x10 E5 M1 S6 C4 N0 knot - score 252.1 lvl 2
L166 src 126 10x10 E2 M0 S8 C5 N0 knot - score 255 lvl 2
L167 src 179 10x10 E5 M1 S8 C2 N0 knot - score 255.5 lvl 2
L168 src 145 10x10 E2 M2 S6 C3 N0 knot - score 257.2 lvl 2
L169 src 126 10x10 E7 M0 S5 C4 N0 knot - score 257.7 lvl 2
L170 src 163 10x10 E6 M3 S5 C1 N0 knot - score 258.4 lvl 2
L171 src 154 10x10 E7 M3 S5 C0 N0 knot - score 259.7 lvl 2
L172 src 138 10x10 E7 M2 S6 C1 N0 knot - score 260.5 lvl 2
L173 src 148 10x10 E6 M1 S3 C4 N0 knot - score 260.6 lvl 2
L174 src 136 10x10 E3 M2 S5 C2 N0 knot - score 261.9 lvl 2
L175 src 148 10x10 E3 M4 S7 C4 N0 knot - score 265.4 lvl 2
L176 src 140 10x10 E5 M1 S8 C2 N0 knot - score 268.7 lvl 2
L177 src 167 10x10 E5 M1 S5 C1 N0 knot - score 269.2 lvl 2
L178 src 152 10x10 E4 M3 S6 C2 N0 knot - score 279.6 lvl 2
L179 src 135 10x10 E5 M1 S6 C3 N0 knot - score 284.4 lvl 2
L180 src 168 10x10 E6 M2 S5 C2 N0 knot - score 284.4 lvl 2
